---
source: crates/cli/tests/activate_test.rs
expression: "get_activate_output(&assert, &sandbox)"
---
# proto hook
set-env __ORIG_PATH $E:PATH

fn _proto_hook {
  eval (proto activate elvish --include-global --no-shim --no-bin --export);
}

set @edit:before-readline = $@edit:before-readline {
  _proto_hook
}
