---
source: crates/cli/tests/activate_test.rs
expression: "get_activate_output(&assert, &sandbox)"
---
function proto_activate {
  $previousExitCode = $global:LASTEXITCODE;
  $exports = proto activate powershell --config-mode upwards-global --no-bin --no-shim --export;
  if ($exports) {
    $exports | Out-String | Invoke-Expression;
  }
  $global:LASTEXITCODE = $previousExitCode;
}
function proto_deactivate {
  $previousExitCode = $global:LASTEXITCODE;
  $exports = proto deactivate powershell --export;
  if ($exports) {
    $exports | Out-String | Invoke-Expression;
  }
  $global:LASTEXITCODE = $previousExitCode;
}
# Windows PowerShell has no change-dir trigger, since `LocationChangedAction`
# requires PowerShell 6+, so the global prompt is wrapped instead
if (-not (Get-Variable -Name 'proto_activate_on_prompt' -Scope Global -ErrorAction Ignore)) {
  $global:proto_activate_on_prompt = $function:prompt;

  # A session started without a prompt (`-File`, `-Command`) has nothing to
  # save: fall back to the engine's default, so the wrapper never invokes
  # `$null` and unregistering always restores a callable prompt
  if ($null -eq $global:proto_activate_on_prompt) {
    $global:proto_activate_on_prompt = { "PS $($executionContext.SessionState.Path.CurrentLocation)$('>' * ($nestedPromptLevel + 1)) " };
  }

  function global:prompt {
    proto_activate;
    & $global:proto_activate_on_prompt;
  }
};

proto_activate
