---
source: crates/cli/tests/activate_test.rs
expression: "get_activate_output(&assert, &sandbox)"
---
function proto_activate {
  $previousExitCode = $global:LASTEXITCODE;
  $exports = proto activate pwsh --export;
  if ($exports) {
    $exports | Out-String | Invoke-Expression;
  }
  $global:LASTEXITCODE = $previousExitCode;
}
function proto_deactivate {
  $previousExitCode = $global:LASTEXITCODE;
  $exports = proto deactivate pwsh --export;
  if ($exports) {
    $exports | Out-String | Invoke-Expression;
  }
  $global:LASTEXITCODE = $previousExitCode;
}
if (-not (Get-Variable -Name 'proto_activate_on_chdir' -Scope Global -ErrorAction Ignore)) {
  $global:proto_activate_on_chdir = [System.EventHandler[System.Management.Automation.LocationChangedEventArgs]] {
    param([object] $source, [System.Management.Automation.LocationChangedEventArgs] $changedArgs)
    end {
      proto_activate
    }
  };

  $ExecutionContext.SessionState.InvokeCommand.LocationChangedAction = [System.Delegate]::Combine(
    $ExecutionContext.SessionState.InvokeCommand.LocationChangedAction,
    $global:proto_activate_on_chdir
  );
};

if (-not (Get-Variable -Name 'proto_activate_on_prompt' -Scope Global -ErrorAction Ignore)) {
  $global:proto_activate_on_prompt = $function:prompt;

  function global:prompt {
    proto_activate;
    & $global:proto_activate_on_prompt;
  }
};

proto_activate
