---
source: crates/cli/tests/activate_test.rs
expression: "get_activate_output(&assert, &sandbox)"
---
export __ORIG_PATH="$PATH"

_proto_hook() {
  trap '' SIGINT
  output=$(proto activate zsh --export)
  if [ -n "$output" ]; then
    eval "$output";
  fi
  trap - SIGINT
}

typeset -ag chpwd_functions
if (( ! ${chpwd_functions[(I)_proto_hook]} )); then
  chpwd_functions=(_proto_hook $chpwd_functions)
fi
