---
source: crates/cli/tests/activate_test.rs
expression: "get_activate_output(&assert, &sandbox)"
---
function _proto_activate_hook --on-variable PWD;
  proto activate fish --config-mode upwards-global --no-bin --no-shim --export | source
end;

function _proto_deactivate_hook;
  proto deactivate fish --config-mode upwards-global --no-bin --no-shim --export | source
  functions --erase _proto_activate_hook _proto_deactivate_hook
end;

_proto_activate_hook
