---
source: crates/cli/tests/deactivate_test.rs
expression: "get_deactivate_output(&assert, &sandbox)"
---
${...}.pop("PROTO_HOME", None)
${...}.pop("KEY1", None)
${...}.pop("KEY2", None)
aliases.pop("pn", None)
aliases.pop("yn", None)
${...}.pop("_PROTO_ACTIVATED_ENV", None)
${...}.pop("_PROTO_ACTIVATED_ALIASES", None)
${...}.pop("_PROTO_ACTIVATED_PATH", None)
