---
source: crates/cli/tests/plugins_test.rs
expression: "fs::read_to_string(sandbox.path().join(\".proto/shims/registry.json\")).unwrap()"
---
{
  "node": {},
  "node-gyp": {
    "alt_bin": true,
    "parent": "npm"
  },
  "npm": {},
  "npx": {
    "alt_bin": true,
    "parent": "npm"
  },
  "pnpm": {},
  "pnpx": {
    "before_args": [
      "dlx"
    ],
    "parent": "pnpm"
  },
  "yarn": {},
  "yarnpkg": {
    "alt_bin": true,
    "parent": "yarn"
  }
}
