---
source: crates/cli/tests/plugins_test.rs
expression: "fs::read_to_string(sandbox.path().join(\".proto/shims/registry.json\")).unwrap()"
---
{
  "pip": {
    "parent": "python",
    "before_args": [
      "-m",
      "pip"
    ]
  },
  "python": {},
  "python3": {
    "alt_bin": true,
    "parent": "python"
  }
}
